tests/asynchronism/callbackAsObjectMethod: Timeout
